// Jest Snapshot v1, https://goo.gl/fbAQLP

exports[`simple smoking snapshots matches snapshot 1`] = `
<li>
  <button
    name="delete"
    onClick={[Function]}
  >
    delete
  </button>
  <button
    name="edit"
    onClick={[Function]}
  >
    Edit
  </button>
</li>
`;
